loaded: /Users/runner/work/Mithril-Wrapper/Mithril-Wrapper/build-minecraft-e2e-native/libmithril.dylib
ok : advertised GL level is one we implement (got 3.3)
ok : GL_VERSION starts with advertised 3.3.0 (got "3.3.0 §bMithril-Wrapper§r 1.0, Vulkan (MoltenVK) Backend, GIT@a6525a37127bad0a6c08596355eeeb871563829e")
ok : genTextures allocated color texture (1)
ok : offscreen FBO complete (status=0x8cd5)
ok : clear on offscreen FBO leaves no error
ok : CONTROL clear-to-(0.1,0.2,0.3,1.0) readback=(26,51,77,255) — clear+readback path OK
ok : control clear/readback leaves no error
ok : vertex shader compiled
ok : fragment shader compiled
ok : program linked (GL_LINK_STATUS=1)
ok : shader compile/link leaves no error
ok : VAO/VBO setup leaves no error
ok : glDrawArrays leaves no error
ok : glFinish leaves no error
ok : center pixel is red (r=255 g=0 b=0 a=255) — GPU draw executed
ok : corner pixel is red (r=255 g=0 b=0 a=255) — full-screen triangle rasterized
ok : glReadPixels leaves no error
ok : genTextures allocated sample texture (2)
ok : texture upload + mipmap generation leaves no error
ok : disc-F texStorage2D allocated full 2-level chain
ok : disc-F getUniformLocation(uTex)=0
ok : disc-F(A) level0 sampling readback leaves no error
ok : disc-F(A) texStorage2D level0 upload+sample is WHITE (r=255 g=255 b=255 a=255) — upload path OK
ok : disc-F storage mipmap generation leaves no error
ok : disc-F(B) getUniformLocation(uTex)=0
ok : disc-F(B) level1 sampling readback leaves no error
ok : disc-F(B) CASCADE non-rebuild mipmap level1 is WHITE (r=255 g=255 b=255 a=255) — cross-buffer sync + blit OK
ok : dynamic UBO initial bufferData leaves no error
ok : sampled vertex shader compiled
ok : sampled fragment shader compiled
ok : sampled program linked (GL_LINK_STATUS=1)
ok : getUniformBlockIndex(DynColor)=0
ok : getUniformLocation(uTex)=1
ok : getUniformLocation(tint)=0
ok : sampled program UBO+sampler binding leaves no error
ok : sampled VAO/VBO (pos+uv) setup leaves no error
ok : discriminant empty program linked (GL_LINK_STATUS=1)
ok : DISCRIMINANT empty-program + texVao = green (g=255 r=0 b=0 a=255)
ok : UBO-only fragment shader compiled
ok : UBO-only program linked (GL_LINK_STATUS=1)
ok : UBO-only path: tint=(0.5,0,0,1) readback=(128,0,0,255)
ok : texture-only fragment shader compiled
ok : texture-only program linked (GL_LINK_STATUS=1)
ok : texture-only path: white 2x2 sampled readback=(255,255,255,255)
ok : disc-C texVs attrib-1 pipeline: blue readback=(0,0,255,255)
disc-D getUniformLocation(uTex)=0
ok : disc-D sampler+attrib0Vs: white readback=(255,255,255,255)
ok : disc-E single-level (no mipmap) sampler: white readback=(255,255,255,255)
ok : multi-frame sampled+UBO stability: 8/8 frames rendered correct color after glFinish
ok : multi-frame test leaves no error
ok : genTextures allocated cubemap texture (5)
ok : cubemap 6-face upload + params leaves no error
ok : cubemap(+X) getUniformLocation(uCube)=0
ok : cubemap(+X) face sample=vec3( 1.0, 0.0, 0.0) readback=(255,0,0,255) — face->layer + samplerCube OK
ok : cubemap(-X) getUniformLocation(uCube)=0
ok : cubemap(-X) face sample=vec3(-1.0, 0.0, 0.0) readback=(0,255,0,255) — face->layer + samplerCube OK
ok : cubemap(+Z) getUniformLocation(uCube)=0
ok : cubemap(+Z) face sample=vec3( 0.0, 0.0, 1.0) readback=(255,255,255,255) — face->layer + samplerCube OK
ok : cubemap sample tests leave no error

RENDER SMOKE: 58/58 checks passed, 0 failure(s)
RENDER SMOKE ALL PASSED
